20:25:35 **** Incremental Build of configuration Debug for project 01-Hello_world ****
make -j8 all 
arm-none-eabi-gcc "../Src/main.c" -mcpu=cortex-m4 -std=gnu11 -g3 -DDEBUG -DNUCLEO_F401RE -DSTM32 -DSTM32F401RETx -DSTM32F4 -c -I../Inc -O0 -ffunction-sections -fdata-sections -Wall -fstack-usage -MMD -MP -MF"Src/main.d" -MT"Src/main.o" --specs=nano.specs -mfloat-abi=soft -mthumb -o "Src/main.o"
arm-none-eabi-gcc -o "01-Hello_world.elf" @"objects.list"   -mcpu=cortex-m4 -T"D:\ARM_AMGAD_WORKSPACE\01-Hello_world\STM32F401RETX_FLASH.ld" --specs=nosys.specs -Wl,-Map="01-Hello_world.map" -Wl,--gc-sections -static --specs=nano.specs -mfloat-abi=soft -mthumb -Wl,--start-group -lc -lm -Wl,--end-group
Finished building target: 01-Hello_world.elf
 
arm-none-eabi-size   01-Hello_world.elf 
arm-none-eabi-objdump -h -S  01-Hello_world.elf  > "01-Hello_world.list"
   text	   data	    bss	    dec	    hex	filename
    656	      8	   1568	   2232	    8b8	01-Hello_world.elf
Finished building: default.size.stdout
 
Finished building: 01-Hello_world.list
 

20:25:44 Build Finished. 0 errors, 0 warnings. (took 9s.235ms)

