13:44:06 **** Incremental Build of configuration Debug for project 01-RCC ****
make -j8 all 
arm-none-eabi-gcc "../Src/RCC_program.c" -mcpu=cortex-m4 -std=gnu11 -g3 -DDEBUG -DSTM32 -DSTM32F4 -DSTM32F446RETx -DNUCLEO_F446RE -c -I../Inc -O0 -ffunction-sections -fdata-sections -Wall -fstack-usage -MMD -MP -MF"Src/RCC_program.d" -MT"Src/RCC_program.o" --specs=nano.specs -mfloat-abi=soft -mthumb -o "Src/RCC_program.o"
arm-none-eabi-gcc -o "01-RCC.elf" @"objects.list"   -mcpu=cortex-m4 -T"D:\ARM_AMGAD_WORKSPACE\01-RCC\STM32F446RETX_FLASH.ld" --specs=nosys.specs -Wl,-Map="01-RCC.map" -Wl,--gc-sections -static --specs=nano.specs -mfloat-abi=soft -mthumb -Wl,--start-group -lc -lm -Wl,--end-group
Finished building target: 01-RCC.elf
 
arm-none-eabi-size   01-RCC.elf 
arm-none-eabi-objdump -h -S  01-RCC.elf  > "01-RCC.list"
   text	   data	    bss	    dec	    hex	filename
   1448	      8	   1568	   3024	    bd0	01-RCC.elf
Finished building: default.size.stdout
 
Finished building: 01-RCC.list
 

13:44:09 Build Finished. 0 errors, 0 warnings. (took 2s.932ms)

